// Jest Snapshot v1, https://goo.gl/fbAQLP

exports[`should be display transactions correctly to the user renders successfully 1`] = `undefined`;
